Archive member included because of file (symbol)

d:/iti_embedded/01- imt sdk/imt_sdk_win_64/winavr/bin/../lib/gcc/avr/4.3.3/avr5\libgcc.a(_exit.o)
                              d:/iti_embedded/01- imt sdk/imt_sdk_win_64/winavr/bin/../lib/gcc/avr/4.3.3/../../../../avr/lib/avr5/crtm32.o (exit)
d:/iti_embedded/01- imt sdk/imt_sdk_win_64/winavr/bin/../lib/gcc/avr/4.3.3/avr5\libgcc.a(_copy_data.o)
                              ./HAL/KPD/KPD_Program.o (__do_copy_data)
d:/iti_embedded/01- imt sdk/imt_sdk_win_64/winavr/bin/../lib/gcc/avr/4.3.3/avr5\libgcc.a(_clear_bss.o)
                              ./MCAL/EXTI/EXTI_Prog.o (__do_clear_bss)

Memory Configuration

Name             Origin             Length             Attributes
text             0x00000000         0x00020000         xr
data             0x00800060         0x0000ffa0         rw !x
eeprom           0x00810000         0x00010000         rw !x
fuse             0x00820000         0x00000400         rw !x
lock             0x00830000         0x00000400         rw !x
signature        0x00840000         0x00000400         rw !x
*default*        0x00000000         0xffffffff

Linker script and memory map

LOAD d:/iti_embedded/01- imt sdk/imt_sdk_win_64/winavr/bin/../lib/gcc/avr/4.3.3/../../../../avr/lib/avr5/crtm32.o
LOAD ./MCAL/GIE/GIE_Prog.o
LOAD ./MCAL/EXTI/EXTI_Prog.o
LOAD ./MCAL/Driver_DIO_V1/DIO_Prog.o
LOAD ./HAL/LED_Handler/LED_prog.o
LOAD ./HAL/LCD/LCD_Prog.o
LOAD ./HAL/KPD/KPD_Program.o
LOAD ./App/main.o
LOAD d:/iti_embedded/01- imt sdk/imt_sdk_win_64/winavr/bin/../lib/gcc/avr/4.3.3/avr5\libgcc.a
LOAD d:/iti_embedded/01- imt sdk/imt_sdk_win_64/winavr/bin/../lib/gcc/avr/4.3.3/../../../../avr/lib/avr5\libc.a
LOAD d:/iti_embedded/01- imt sdk/imt_sdk_win_64/winavr/bin/../lib/gcc/avr/4.3.3/avr5\libgcc.a

.hash
 *(.hash)

.dynsym
 *(.dynsym)

.dynstr
 *(.dynstr)

.gnu.version
 *(.gnu.version)

.gnu.version_d
 *(.gnu.version_d)

.gnu.version_r
 *(.gnu.version_r)

.rel.init
 *(.rel.init)

.rela.init
 *(.rela.init)

.rel.text
 *(.rel.text)
 *(.rel.text.*)
 *(.rel.gnu.linkonce.t*)

.rela.text
 *(.rela.text)
 *(.rela.text.*)
 *(.rela.gnu.linkonce.t*)

.rel.fini
 *(.rel.fini)

.rela.fini
 *(.rela.fini)

.rel.rodata
 *(.rel.rodata)
 *(.rel.rodata.*)
 *(.rel.gnu.linkonce.r*)

.rela.rodata
 *(.rela.rodata)
 *(.rela.rodata.*)
 *(.rela.gnu.linkonce.r*)

.rel.data
 *(.rel.data)
 *(.rel.data.*)
 *(.rel.gnu.linkonce.d*)

.rela.data
 *(.rela.data)
 *(.rela.data.*)
 *(.rela.gnu.linkonce.d*)

.rel.ctors
 *(.rel.ctors)

.rela.ctors
 *(.rela.ctors)

.rel.dtors
 *(.rel.dtors)

.rela.dtors
 *(.rela.dtors)

.rel.got
 *(.rel.got)

.rela.got
 *(.rela.got)

.rel.bss
 *(.rel.bss)

.rela.bss
 *(.rela.bss)

.rel.plt
 *(.rel.plt)

.rela.plt
 *(.rela.plt)

.text           0x00000000      0x770
 *(.vectors)
 .vectors       0x00000000       0x54 d:/iti_embedded/01- imt sdk/imt_sdk_win_64/winavr/bin/../lib/gcc/avr/4.3.3/../../../../avr/lib/avr5/crtm32.o
                0x00000000                __vectors
                0x00000000                __vector_default
 *(.vectors)
 *(.progmem.gcc*)
 *(.progmem*)
                0x00000054                . = ALIGN (0x2)
                0x00000054                __trampolines_start = .
 *(.trampolines)
 .trampolines   0x00000054        0x0 linker stubs
 *(.trampolines*)
                0x00000054                __trampolines_end = .
 *(.jumptables)
 *(.jumptables*)
 *(.lowtext)
 *(.lowtext*)
                0x00000054                __ctors_start = .
 *(.ctors)
                0x00000054                __ctors_end = .
                0x00000054                __dtors_start = .
 *(.dtors)
                0x00000054                __dtors_end = .
 SORT(*)(.ctors)
 SORT(*)(.dtors)
 *(.init0)
 .init0         0x00000054        0x0 d:/iti_embedded/01- imt sdk/imt_sdk_win_64/winavr/bin/../lib/gcc/avr/4.3.3/../../../../avr/lib/avr5/crtm32.o
                0x00000054                __init
 *(.init0)
 *(.init1)
 *(.init1)
 *(.init2)
 .init2         0x00000054        0xc d:/iti_embedded/01- imt sdk/imt_sdk_win_64/winavr/bin/../lib/gcc/avr/4.3.3/../../../../avr/lib/avr5/crtm32.o
 *(.init2)
 *(.init3)
 *(.init3)
 *(.init4)
 .init4         0x00000060       0x16 d:/iti_embedded/01- imt sdk/imt_sdk_win_64/winavr/bin/../lib/gcc/avr/4.3.3/avr5\libgcc.a(_copy_data.o)
                0x00000060                __do_copy_data
 .init4         0x00000076       0x10 d:/iti_embedded/01- imt sdk/imt_sdk_win_64/winavr/bin/../lib/gcc/avr/4.3.3/avr5\libgcc.a(_clear_bss.o)
                0x00000076                __do_clear_bss
 *(.init4)
 *(.init5)
 *(.init5)
 *(.init6)
 *(.init6)
 *(.init7)
 *(.init7)
 *(.init8)
 *(.init8)
 *(.init9)
 .init9         0x00000086        0x8 d:/iti_embedded/01- imt sdk/imt_sdk_win_64/winavr/bin/../lib/gcc/avr/4.3.3/../../../../avr/lib/avr5/crtm32.o
 *(.init9)
 *(.text)
 .text          0x0000008e        0x4 d:/iti_embedded/01- imt sdk/imt_sdk_win_64/winavr/bin/../lib/gcc/avr/4.3.3/../../../../avr/lib/avr5/crtm32.o
                0x0000008e                __vector_12
                0x0000008e                __bad_interrupt
                0x0000008e                __vector_6
                0x0000008e                __vector_3
                0x0000008e                __vector_11
                0x0000008e                __vector_13
                0x0000008e                __vector_17
                0x0000008e                __vector_19
                0x0000008e                __vector_7
                0x0000008e                __vector_5
                0x0000008e                __vector_4
                0x0000008e                __vector_9
                0x0000008e                __vector_15
                0x0000008e                __vector_8
                0x0000008e                __vector_14
                0x0000008e                __vector_10
                0x0000008e                __vector_16
                0x0000008e                __vector_18
                0x0000008e                __vector_20
 .text          0x00000092        0x0 ./MCAL/GIE/GIE_Prog.o
 .text          0x00000092        0x0 ./MCAL/EXTI/EXTI_Prog.o
 .text          0x00000092        0x0 ./MCAL/Driver_DIO_V1/DIO_Prog.o
 .text          0x00000092        0x0 ./HAL/LED_Handler/LED_prog.o
 .text          0x00000092        0x0 ./HAL/LCD/LCD_Prog.o
 .text          0x00000092        0x0 ./HAL/KPD/KPD_Program.o
 .text          0x00000092        0x0 ./App/main.o
 .text          0x00000092        0x0 d:/iti_embedded/01- imt sdk/imt_sdk_win_64/winavr/bin/../lib/gcc/avr/4.3.3/avr5\libgcc.a(_exit.o)
 .text          0x00000092        0x0 d:/iti_embedded/01- imt sdk/imt_sdk_win_64/winavr/bin/../lib/gcc/avr/4.3.3/avr5\libgcc.a(_copy_data.o)
 .text          0x00000092        0x0 d:/iti_embedded/01- imt sdk/imt_sdk_win_64/winavr/bin/../lib/gcc/avr/4.3.3/avr5\libgcc.a(_clear_bss.o)
                0x00000092                . = ALIGN (0x2)
 *(.text.*)
 .text.GIE_voidEnableGlobalInterrupt
                0x00000092        0x8 ./MCAL/GIE/GIE_Prog.o
                0x00000092                GIE_voidEnableGlobalInterrupt
 .text.GIE_voidDissableGlobalInterrupt
                0x0000009a        0x8 ./MCAL/GIE/GIE_Prog.o
                0x0000009a                GIE_voidDissableGlobalInterrupt
 .text.EXTI_VoidInit
                0x000000a2       0x26 ./MCAL/EXTI/EXTI_Prog.o
                0x000000a2                EXTI_VoidInit
 .text.EXTI_VoidINT0CallBack
                0x000000c8        0xa ./MCAL/EXTI/EXTI_Prog.o
                0x000000c8                EXTI_VoidINT0CallBack
 .text.EXTI_VoidINT1CallBack
                0x000000d2        0xa ./MCAL/EXTI/EXTI_Prog.o
                0x000000d2                EXTI_VoidINT1CallBack
 .text.__vector_1
                0x000000dc       0x52 ./MCAL/EXTI/EXTI_Prog.o
                0x000000dc                __vector_1
 .text.__vector_2
                0x0000012e       0x52 ./MCAL/EXTI/EXTI_Prog.o
                0x0000012e                __vector_2
 .text.DIO_VoidSetPinDirection
                0x00000180       0xf2 ./MCAL/Driver_DIO_V1/DIO_Prog.o
                0x00000180                DIO_VoidSetPinDirection
 .text.DIO_VoidSetPinValue
                0x00000272       0xf2 ./MCAL/Driver_DIO_V1/DIO_Prog.o
                0x00000272                DIO_VoidSetPinValue
 .text.DIO_u8GetPinValue
                0x00000364       0x3e ./MCAL/Driver_DIO_V1/DIO_Prog.o
                0x00000364                DIO_u8GetPinValue
 .text.DIO_VoidSetPortDirection
                0x000003a2       0x32 ./MCAL/Driver_DIO_V1/DIO_Prog.o
                0x000003a2                DIO_VoidSetPortDirection
 .text.DIO_VoidSetPortValue
                0x000003d4       0x38 ./MCAL/Driver_DIO_V1/DIO_Prog.o
                0x000003d4                DIO_VoidSetPortValue
 .text.LCD_VoidSendCommand
                0x0000040c       0x6c ./HAL/LCD/LCD_Prog.o
                0x0000040c                LCD_VoidSendCommand
 .text.LCD_GoTOXY
                0x00000478        0xe ./HAL/LCD/LCD_Prog.o
                0x00000478                LCD_GoTOXY
 .text.LCD_VoidClearDisplay
                0x00000486        0x8 ./HAL/LCD/LCD_Prog.o
                0x00000486                LCD_VoidClearDisplay
 .text.LCD_VoidInit
                0x0000048e       0x4c ./HAL/LCD/LCD_Prog.o
                0x0000048e                LCD_VoidInit
 .text.LCD_VoidSendData
                0x000004da       0x6c ./HAL/LCD/LCD_Prog.o
                0x000004da                LCD_VoidSendData
 .text.KPD_u8GetPressedKey
                0x00000546      0x116 ./HAL/KPD/KPD_Program.o
                0x00000546                KPD_u8GetPressedKey
 .text.KPD_VoidInit
                0x0000065c       0x8e ./HAL/KPD/KPD_Program.o
                0x0000065c                KPD_VoidInit
 .text.led2     0x000006ea       0x16 ./App/main.o
                0x000006ea                led2
 .text.led      0x00000700       0x16 ./App/main.o
                0x00000700                led
 .text.main     0x00000716       0x56 ./App/main.o
                0x00000716                main
 .text.libgcc   0x0000076c        0x0 d:/iti_embedded/01- imt sdk/imt_sdk_win_64/winavr/bin/../lib/gcc/avr/4.3.3/avr5\libgcc.a(_exit.o)
 .text.libgcc   0x0000076c        0x0 d:/iti_embedded/01- imt sdk/imt_sdk_win_64/winavr/bin/../lib/gcc/avr/4.3.3/avr5\libgcc.a(_copy_data.o)
 .text.libgcc   0x0000076c        0x0 d:/iti_embedded/01- imt sdk/imt_sdk_win_64/winavr/bin/../lib/gcc/avr/4.3.3/avr5\libgcc.a(_clear_bss.o)
                0x0000076c                . = ALIGN (0x2)
 *(.fini9)
 .fini9         0x0000076c        0x0 d:/iti_embedded/01- imt sdk/imt_sdk_win_64/winavr/bin/../lib/gcc/avr/4.3.3/avr5\libgcc.a(_exit.o)
                0x0000076c                exit
                0x0000076c                _exit
 *(.fini9)
 *(.fini8)
 *(.fini8)
 *(.fini7)
 *(.fini7)
 *(.fini6)
 *(.fini6)
 *(.fini5)
 *(.fini5)
 *(.fini4)
 *(.fini4)
 *(.fini3)
 *(.fini3)
 *(.fini2)
 *(.fini2)
 *(.fini1)
 *(.fini1)
 *(.fini0)
 .fini0         0x0000076c        0x4 d:/iti_embedded/01- imt sdk/imt_sdk_win_64/winavr/bin/../lib/gcc/avr/4.3.3/avr5\libgcc.a(_exit.o)
 *(.fini0)
                0x00000770                _etext = .

.data           0x00800060       0x10 load address 0x00000770
                0x00800060                PROVIDE (__data_start, .)
 *(.data)
 .data          0x00800060        0x0 d:/iti_embedded/01- imt sdk/imt_sdk_win_64/winavr/bin/../lib/gcc/avr/4.3.3/../../../../avr/lib/avr5/crtm32.o
 .data          0x00800060        0x0 ./MCAL/GIE/GIE_Prog.o
 .data          0x00800060        0x0 ./MCAL/EXTI/EXTI_Prog.o
 .data          0x00800060        0x0 ./MCAL/Driver_DIO_V1/DIO_Prog.o
 .data          0x00800060        0x0 ./HAL/LED_Handler/LED_prog.o
 .data          0x00800060        0x0 ./HAL/LCD/LCD_Prog.o
 .data          0x00800060        0x0 ./HAL/KPD/KPD_Program.o
 .data          0x00800060        0x0 ./App/main.o
 .data          0x00800060        0x0 d:/iti_embedded/01- imt sdk/imt_sdk_win_64/winavr/bin/../lib/gcc/avr/4.3.3/avr5\libgcc.a(_exit.o)
 .data          0x00800060        0x0 d:/iti_embedded/01- imt sdk/imt_sdk_win_64/winavr/bin/../lib/gcc/avr/4.3.3/avr5\libgcc.a(_copy_data.o)
 .data          0x00800060        0x0 d:/iti_embedded/01- imt sdk/imt_sdk_win_64/winavr/bin/../lib/gcc/avr/4.3.3/avr5\libgcc.a(_clear_bss.o)
 *(.data*)
 *(.rodata)
 *(.rodata*)
 .rodata.C.1.1231
                0x00800060        0xc ./HAL/KPD/KPD_Program.o
 .rodata.C.0.1230
                0x0080006c        0x3 ./HAL/KPD/KPD_Program.o
 *(.gnu.linkonce.d*)
                0x00800070                . = ALIGN (0x2)
 *fill*         0x0080006f        0x1 00
                0x00800070                _edata = .
                0x00800070                PROVIDE (__data_end, .)

.bss            0x00800070        0x4
                0x00800070                PROVIDE (__bss_start, .)
 *(.bss)
 .bss           0x00800070        0x0 d:/iti_embedded/01- imt sdk/imt_sdk_win_64/winavr/bin/../lib/gcc/avr/4.3.3/../../../../avr/lib/avr5/crtm32.o
 .bss           0x00800070        0x0 ./MCAL/GIE/GIE_Prog.o
 .bss           0x00800070        0x0 ./MCAL/EXTI/EXTI_Prog.o
 .bss           0x00800070        0x0 ./MCAL/Driver_DIO_V1/DIO_Prog.o
 .bss           0x00800070        0x0 ./HAL/LED_Handler/LED_prog.o
 .bss           0x00800070        0x0 ./HAL/LCD/LCD_Prog.o
 .bss           0x00800070        0x0 ./HAL/KPD/KPD_Program.o
 .bss           0x00800070        0x0 ./App/main.o
 .bss           0x00800070        0x0 d:/iti_embedded/01- imt sdk/imt_sdk_win_64/winavr/bin/../lib/gcc/avr/4.3.3/avr5\libgcc.a(_exit.o)
 .bss           0x00800070        0x0 d:/iti_embedded/01- imt sdk/imt_sdk_win_64/winavr/bin/../lib/gcc/avr/4.3.3/avr5\libgcc.a(_copy_data.o)
 .bss           0x00800070        0x0 d:/iti_embedded/01- imt sdk/imt_sdk_win_64/winavr/bin/../lib/gcc/avr/4.3.3/avr5\libgcc.a(_clear_bss.o)
 *(.bss*)
 .bss.global_PTRINT0NotificationFunction
                0x00800070        0x2 ./MCAL/EXTI/EXTI_Prog.o
                0x00800070                global_PTRINT0NotificationFunction
 .bss.global_PTRINT1NotificationFunction
                0x00800072        0x2 ./MCAL/EXTI/EXTI_Prog.o
                0x00800072                global_PTRINT1NotificationFunction
 *(COMMON)
                0x00800074                PROVIDE (__bss_end, .)
                0x00000770                __data_load_start = LOADADDR (.data)
                0x00000780                __data_load_end = (__data_load_start + SIZEOF (.data))

.noinit         0x00800074        0x0
                0x00800074                PROVIDE (__noinit_start, .)
 *(.noinit*)
                0x00800074                PROVIDE (__noinit_end, .)
                0x00800074                _end = .
                0x00800074                PROVIDE (__heap_start, .)

.eeprom         0x00810000        0x0
 *(.eeprom*)
                0x00810000                __eeprom_end = .

.fuse
 *(.fuse)
 *(.lfuse)
 *(.hfuse)
 *(.efuse)

.lock
 *(.lock*)

.signature
 *(.signature*)

.stab
 *(.stab)

.stabstr
 *(.stabstr)

.stab.excl
 *(.stab.excl)

.stab.exclstr
 *(.stab.exclstr)

.stab.index
 *(.stab.index)

.stab.indexstr
 *(.stab.indexstr)

.comment
 *(.comment)

.debug
 *(.debug)

.line
 *(.line)

.debug_srcinfo
 *(.debug_srcinfo)

.debug_sfnames
 *(.debug_sfnames)

.debug_aranges
 *(.debug_aranges)

.debug_pubnames
 *(.debug_pubnames)

.debug_info
 *(.debug_info)
 *(.gnu.linkonce.wi.*)

.debug_abbrev
 *(.debug_abbrev)

.debug_line
 *(.debug_line)

.debug_frame
 *(.debug_frame)

.debug_str
 *(.debug_str)

.debug_loc
 *(.debug_loc)

.debug_macinfo
 *(.debug_macinfo)
OUTPUT(Lec12_LayeredStructure.elf elf32-avr)
LOAD linker stubs
